// Jest Snapshot v1, https://goo.gl/fbAQLP

exports[`Test Input component render Render correctly 1`] = `
<div
  styleName="container"
>
  <input
    checked={false}
    className="class"
    id="ID"
    maxLength={15}
    name="InputName"
    onBlur={[Function]}
    onChange={[Function]}
    onClick={[Function]}
    onKeyDown={[Function]}
    onKeyPress={[Function]}
    onPaste={[Function]}
    placeholder="Text here"
    required={false}
    requiredText={false}
    styleName="input small"
    type="text"
    value="Value"
  />
</div>
`;
