// Jest Snapshot v1, https://goo.gl/fbAQLP

exports[`Test CheckboxGroup component - the basics Test renders correctly 1`] = `
<div
  className=""
  style={undefined}
  styleName="checkboxGroup"
>
  <div
    styleName="header"
  >
    <span
      styleName="headerFont"
    >
      CheckboxGroup test
    </span>
  </div>
  <div
    className=""
    onClick={[Function]}
    style={undefined}
    styleName="checkbox_padding"
  >
    <div
      styleName="inline_block relative padding"
    >
      <div
        styleName="float_left"
      >
        <input
          checked={false}
          disabled={false}
          hidden={undefined}
          id={undefined}
          label={undefined}
          name={undefined}
          onChange={[Function]}
          required={false}
          styleName="opacity"
          type="checkbox"
        />
        <div
          styleName="not_checked"
        />
      </div>
    </div>
  </div>
  <div
    className=""
    onClick={[Function]}
    style={undefined}
    styleName="checkbox_padding"
  >
    <div
      styleName="inline_block relative padding"
    >
      <div
        styleName="float_left"
      >
        <input
          checked={false}
          disabled={false}
          hidden={undefined}
          id={undefined}
          label={undefined}
          name={undefined}
          onChange={[Function]}
          required={false}
          styleName="opacity"
          type="checkbox"
        />
        <div
          styleName="not_checked"
        />
      </div>
    </div>
  </div>
  <div
    className=""
    onClick={[Function]}
    style={undefined}
    styleName="checkbox_padding"
  >
    <div
      styleName="inline_block relative padding"
    >
      <div
        styleName="float_left"
      >
        <input
          checked={false}
          disabled={false}
          hidden={undefined}
          id={undefined}
          label={undefined}
          name={undefined}
          onChange={[Function]}
          required={false}
          styleName="opacity"
          type="checkbox"
        />
        <div
          styleName="not_checked"
        />
      </div>
    </div>
  </div>
  <div
    className=""
    onClick={[Function]}
    style={undefined}
    styleName="checkbox_padding"
  >
    <div
      styleName="inline_block relative padding"
    >
      <div
        styleName="float_left"
      >
        <input
          checked={false}
          disabled={false}
          hidden={undefined}
          id={undefined}
          label={undefined}
          name={undefined}
          onChange={[Function]}
          required={false}
          styleName="opacity"
          type="checkbox"
        />
        <div
          styleName="not_checked"
        />
      </div>
    </div>
  </div>
</div>
`;
